Microchip MPLAB XC8 Compiler V1.35 ()

Linker command line:

--edf=C:\Program Files (x86)\Microchip\xc8\v1.35\dat\en_msgs.txt -cs \
  -h+dist/default/production\dog.X.production.sym \
  --cmf=dist/default/production\dog.X.production.cmf -z -Q18F4550 \
  -oC:\Users\KUOYAO~1\AppData\Local\Temp\sso.2 \
  -Mdist/default/production/dog.X.production.map -E1 -ver=XC8 \
  -ASTACK=060h-07ffh -pstack=STACK -ACODE=00h-07FFFh -ACONST=00h-07FFFh \
  -ASMALLCONST=0800h-08FFhx120 -AMEDIUMCONST=0800h-07FFFh -ACOMRAM=01h-05Fh \
  -AABS1=00h-07FFh -ABIGRAM=01h-07FFh -ARAM=060h-0FFh,0100h-01FFhx7 \
  -ABANK0=060h-0FFh -ABANK1=0100h-01FFh -ABANK2=0200h-02FFh \
  -ABANK3=0300h-03FFh -ABANK4=0400h-04FFh -ABANK5=0500h-05FFh \
  -ABANK6=0600h-06FFh -ABANK7=0700h-07FFh -ASFR=0F60h-0FFFh \
  -preset_vec=00h,intcode,intcodelo,powerup,init,end_init -pramtop=0800h \
  -psmallconst=SMALLCONST -pmediumconst=MEDIUMCONST -pconst=CONST \
  -AFARRAM=00h-00h -ACONFIG=0300000h-030000Dh -pconfig=CONFIG \
  -AIDLOC=0200000h-0200007h -pidloc=IDLOC -AEEDATA=0F00000h-0F000FFh \
  -peeprom_data=EEDATA \
  -prdata=COMRAM,nvrram=COMRAM,nvbit=COMRAM,rbss=COMRAM,rbit=COMRAM \
  -pfarbss=FARRAM,fardata=FARRAM,nvFARRAM=FARRAM \
  -pintsave_regs=BIGRAM,bigbss=BIGRAM,bigdata=BIGRAM -pbss=RAM \
  -pidata=CODE,irdata=CODE,ibigdata=CODE,ifardata=CODE -prparam=COMRAM \
  C:\Users\KUOYAO~1\AppData\Local\Temp\sso.obj \
  dist/default/production\dog.X.production.obj 

Object code version is 3.11

Machine type is 18F4550

Call graph: (short form)




                Name                               Link     Load   Length Selector   Space Scale
C:\Users\KUOYAO~1\AppData\Local\Temp\sso.obj
                end_init                              0        0        4        0       0
                idloc                            200000   200000        8   200000       0
                config                           300000   300000        E   300000       0
dist/default/production\dog.X.production.obj
                text10                             7DE6     7DE6       84     3EF3       0
                text9                              7D76     7D76       70     3EBB       0
                text8                              7C74     7C74       12     3E3A       0
                text7                              7C86     7C86       12     3E43       0
                text6                              7C66     7C66        E     3E33       0
                text5                              7CC2     7CC2       26     3E61       0
                text4                              7CAC     7CAC       16     3E56       0
                text3                              7C98     7C98       14     3E4C       0
                text2                              7CE8     7CE8       38     3E74       0
                text1                              7D20     7D20       56     3E90       0
                text0                              7E6A     7E6A      196     3F35       0
                cstackCOMRAM                          1        1        B        1       1
                bssCOMRAM                             C        C        3        1       1
                cinit                              7C5A     7C5A        C     3E2D       0

TOTAL           Name                               Link     Load   Length     Space
        CLASS   STACK          

        CLASS   CODE           
                end_init                              0        0        4         0
                text10                             7DE6     7DE6       84         0
                text9                              7D76     7D76       70         0
                text8                              7C74     7C74       12         0
                text7                              7C86     7C86       12         0
                text6                              7C66     7C66        E         0
                text5                              7CC2     7CC2       26         0
                text4                              7CAC     7CAC       16         0
                text3                              7C98     7C98       14         0
                text2                              7CE8     7CE8       38         0
                text1                              7D20     7D20       56         0
                text0                              7E6A     7E6A      196         0
                cinit                              7C5A     7C5A        C         0

        CLASS   CONST          

        CLASS   SMALLCONST     

        CLASS   MEDIUMCONST    

        CLASS   COMRAM         
                cstackCOMRAM                          1        1        B         1
                bssCOMRAM                             C        C        3         1

        CLASS   ABS1           

        CLASS   BIGRAM         

        CLASS   RAM            

        CLASS   BANK0          

        CLASS   BANK1          

        CLASS   BANK2          

        CLASS   BANK3          

        CLASS   BANK4          

        CLASS   BANK5          

        CLASS   BANK6          

        CLASS   BANK7          

        CLASS   SFR            

        CLASS   FARRAM         

        CLASS   CONFIG         
                config                           300000   300000        E         0

        CLASS   IDLOC          
                idloc                            200000   200000        8         0

        CLASS   EEDATA         



SEGMENTS        Name                           Load    Length   Top    Selector   Space  Class

                reset_vec                      000000  000004  000004         0       0  CODE    
                cstackCOMRAM                   000001  00000E  00000F         1       1  COMRAM  
                cinit                          007C5A  00000C  007C66      3E2D       0  CODE    
                text6                          007C66  00000E  007C74      3E33       0  CODE    
                text8                          007C74  000012  007C86      3E3A       0  CODE    
                text7                          007C86  000012  007C98      3E43       0  CODE    
                text3                          007C98  000014  007CAC      3E4C       0  CODE    
                text4                          007CAC  000016  007CC2      3E56       0  CODE    
                text5                          007CC2  000026  007CE8      3E61       0  CODE    
                text2                          007CE8  000038  007D20      3E74       0  CODE    
                text1                          007D20  000056  007D76      3E90       0  CODE    
                text9                          007D76  000070  007DE6      3EBB       0  CODE    
                text10                         007DE6  000084  007E6A      3EF3       0  CODE    
                text0                          007E6A  000196  008000      3F35       0  CODE    
                idloc                          200000  000008  200008    200000       0  IDLOC   
                config                         300000  00000E  30000E    300000       0  CONFIG  


UNUSED ADDRESS RANGES

        Name                Unused          Largest block    Delta
        BANK0            000060-0000FF               A0
        BANK1            000100-0001FF              100
        BANK2            000200-0002FF              100
        BANK3            000300-0003FF              100
        BANK4            000400-0004FF              100
        BANK5            000500-0005FF              100
        BANK6            000600-0006FF              100
        BANK7            000700-0007FF              100
        BIGRAM           00000F-0007FF              7F1
        CODE             000004-007C59             7C56
        COMRAM           00000F-00005F               51
        CONST            000004-007C59             7C56
        EEDATA           F00000-F000FF              100
        MEDIUMCONST      000800-007C59             745A
        RAM              000060-0007FF              100
        SFR              000F60-000FFF               A0
        SMALLCONST       000800-007C59              100
        STACK            000060-0007FF              7A0

                                  Symbol Table

?___awdiv                    cstackCOMRAM 000001
?___awmod                    cstackCOMRAM 000001
_ADCON1                      (abs)        000FC1
_OSCCON                      (abs)        000FD3
_PORTD                       (abs)        000F83
_RB3                         (abs)        007C0B
_RB4                         (abs)        007C0C
_RB5                         (abs)        007C0D
_RD7                         (abs)        007C1F
_TRISB                       (abs)        000F93
_TRISD                       (abs)        000F95
_TRISD7                      (abs)        007CAF
__CFG_BOR$ON_ACTIVE          (abs)        000000
__CFG_BORV$1                 (abs)        000000
__CFG_FOSC$HS                (abs)        000000
__CFG_LVP$OFF                (abs)        000000
__CFG_MCLRE$ON               (abs)        000000
__CFG_PBADEN$OFF             (abs)        000000
__CFG_WDT$ON                 (abs)        000000
__CFG_XINST$OFF              (abs)        000000
__HRAM                       (abs)        000000
__Habs1                      abs1         000000
__Hbank0                     bank0        000000
__Hbank1                     bank1        000000
__Hbank2                     bank2        000000
__Hbank3                     bank3        000000
__Hbank4                     bank4        000000
__Hbank5                     bank5        000000
__Hbank6                     bank6        000000
__Hbank7                     bank7        000000
__Hbigbss                    bigbss       000000
__Hbigdata                   bigdata      000000
__Hbigram                    bigram       000000
__Hbss                       bss          000000
__HbssCOMRAM                 bssCOMRAM    000000
__Hcinit                     cinit        000000
__Hclrtext                   clrtext      000000
__Hcomram                    comram       000000
__Hconfig                    config       30000E
__Hconst                     const        000000
__HcstackCOMRAM              cstackCOMRAM 000000
__Hdata                      data         000000
__Heeprom_data               eeprom_data  000000
__Hend_init                  end_init     000004
__Hfarbss                    farbss       000000
__Hfardata                   fardata      000000
__Hibigdata                  ibigdata     000000
__Hidata                     idata        000000
__Hidloc                     idloc        200008
__Hifardata                  ifardata     000000
__Hinit                      init         000000
__Hintcode                   intcode      000000
__Hintcode_body              intcode_body 000000
__Hintcodelo                 intcodelo    000000
__Hintentry                  intentry     000000
__Hintret                    intret       000000
__Hintsave_regs              intsave_regs 000000
__Hirdata                    irdata       000000
__Hmediumconst               mediumconst  000000
__HnvFARRAM                  nvFARRAM     000000
__Hnvbit                     nvbit        000000
__Hnvrram                    nvrram       000000
__Hparam                     rparam       000000
__Hpowerup                   powerup      000000
__Hram                       ram          000000
__Hramtop                    ramtop       000800
__Hrbit                      rbit         000000
__Hrbss                      rbss         000000
__Hrdata                     rdata        000000
__Hreset_vec                 reset_vec    000000
__Hrparam                    rparam       000000
__Hsfr                       sfr          000000
__Hsmallconst                smallconst   000000
__Hspace_0                   (abs)        30000E
__Hspace_1                   (abs)        00000F
__Hspace_2                   (abs)        000000
__Hstack                     stack        000000
__Hstruct                    struct       000000
__Htemp                      temp         000000
__Htext                      text         000000
__Htext0                     text0        000000
__Htext1                     text1        000000
__Htext10                    text10       000000
__Htext2                     text2        000000
__Htext3                     text3        000000
__Htext4                     text4        000000
__Htext5                     text5        000000
__Htext6                     text6        000000
__Htext7                     text7        000000
__Htext8                     text8        000000
__Htext9                     text9        000000
__LRAM                       (abs)        000001
__Labs1                      abs1         000000
__Lbank0                     bank0        000000
__Lbank1                     bank1        000000
__Lbank2                     bank2        000000
__Lbank3                     bank3        000000
__Lbank4                     bank4        000000
__Lbank5                     bank5        000000
__Lbank6                     bank6        000000
__Lbank7                     bank7        000000
__Lbigbss                    bigbss       000000
__Lbigdata                   bigdata      000000
__Lbigram                    bigram       000000
__Lbss                       bss          000000
__LbssCOMRAM                 bssCOMRAM    000000
__Lcinit                     cinit        000000
__Lclrtext                   clrtext      000000
__Lcomram                    comram       000000
__Lconfig                    config       300000
__Lconst                     const        000000
__LcstackCOMRAM              cstackCOMRAM 000000
__Ldata                      data         000000
__Leeprom_data               eeprom_data  000000
__Lend_init                  end_init     000000
__Lfarbss                    farbss       000000
__Lfardata                   fardata      000000
__Libigdata                  ibigdata     000000
__Lidata                     idata        000000
__Lidloc                     idloc        200000
__Lifardata                  ifardata     000000
__Linit                      init         000000
__Lintcode                   intcode      000000
__Lintcode_body              intcode_body 000000
__Lintcodelo                 intcodelo    000000
__Lintentry                  intentry     000000
__Lintret                    intret       000000
__Lintsave_regs              intsave_regs 000000
__Lirdata                    irdata       000000
__Lmediumconst               mediumconst  000000
__LnvFARRAM                  nvFARRAM     000000
__Lnvbit                     nvbit        000000
__Lnvrram                    nvrram       000000
__Lparam                     rparam       000000
__Lpowerup                   powerup      000000
__Lram                       ram          000000
__Lramtop                    ramtop       000800
__Lrbit                      rbit         000000
__Lrbss                      rbss         000000
__Lrdata                     rdata        000000
__Lreset_vec                 reset_vec    000000
__Lrparam                    rparam       000000
__Lsfr                       sfr          000000
__Lsmallconst                smallconst   000000
__Lspace_0                   (abs)        000000
__Lspace_1                   (abs)        000000
__Lspace_2                   (abs)        000000
__Lstack                     stack        000000
__Lstruct                    struct       000000
__Ltemp                      temp         000000
__Ltext                      text         000000
__Ltext0                     text0        000000
__Ltext1                     text1        000000
__Ltext10                    text10       000000
__Ltext2                     text2        000000
__Ltext3                     text3        000000
__Ltext4                     text4        000000
__Ltext5                     text5        000000
__Ltext6                     text6        000000
__Ltext7                     text7        000000
__Ltext8                     text8        000000
__Ltext9                     text9        000000
__S0                         (abs)        30000E
__S1                         (abs)        00000F
__S2                         (abs)        000000
___awdiv                     text10       007DE6
___awdiv@counter             cstackCOMRAM 000005
___awdiv@dividend            cstackCOMRAM 000001
___awdiv@divisor             cstackCOMRAM 000003
___awdiv@quotient            cstackCOMRAM 000007
___awdiv@sign                cstackCOMRAM 000006
___awmod                     text9        007D76
___awmod@counter             cstackCOMRAM 000005
___awmod@dividend            cstackCOMRAM 000001
___awmod@divisor             cstackCOMRAM 000003
___awmod@sign                cstackCOMRAM 000006
___inthi_sp                  stack        000000
___intlo_sp                  stack        000000
___param_bank                (abs)        000010
___rparam_used               (abs)        000001
___sp                        stack        000000
__accesstop                  (abs)        000060
__activetblptr               (abs)        000000
__end_of___awdiv             text10       007E6A
__end_of___awmod             text9        007DE6
__end_of__initialization     cinit        007C60
__end_of_delay               text2        007D20
__end_of_lcd_wait_busy       text8        007C86
__end_of_lcd_write_address   text5        007CE8
__end_of_lcd_write_char      text3        007CAC
__end_of_lcd_write_com       text7        007C98
__end_of_lcd_write_com_busy  text6        007C74
__end_of_lcd_write_data      text4        007CC2
__end_of_lcdreset            text1        007D76
__end_of_main                text0        008000
__initialization             cinit        007C5A
__mediumconst                mediumconst  000000
__pbssCOMRAM                 bssCOMRAM    00000C
__pcinit                     cinit        007C5A
__pcstackCOMRAM              cstackCOMRAM 000001
__ptext0                     text0        007E6A
__ptext1                     text1        007D20
__ptext10                    text10       007DE6
__ptext2                     text2        007CE8
__ptext3                     text3        007C98
__ptext4                     text4        007CAC
__ptext5                     text5        007CC2
__ptext6                     text6        007C66
__ptext7                     text7        007C86
__ptext8                     text8        007C74
__ptext9                     text9        007D76
__ramtop                     ramtop       000800
__size_of___awdiv            (abs)        000000
__size_of___awmod            (abs)        000000
__size_of_delay              (abs)        000000
__size_of_lcd_wait_busy      (abs)        000000
__size_of_lcd_write_address  (abs)        000000
__size_of_lcd_write_char     (abs)        000000
__size_of_lcd_write_com      (abs)        000000
__size_of_lcd_write_com_busy (abs)        000000
__size_of_lcd_write_data     (abs)        000000
__size_of_lcdreset           (abs)        000000
__size_of_main               (abs)        000000
__smallconst                 smallconst   000000
_a                           bssCOMRAM    00000C
_b                           bssCOMRAM    00000E
_delay                       text2        007CE8
_lcd_wait_busy               text8        007C74
_lcd_write_address           text5        007CC2
_lcd_write_char              text3        007C98
_lcd_write_com               text7        007C86
_lcd_write_com_busy          text6        007C66
_lcd_write_data              text4        007CAC
_lcdreset                    text1        007D20
_main                        text0        007E6A
delay@i                      cstackCOMRAM 000003
delay@j                      cstackCOMRAM 000005
delay@t                      cstackCOMRAM 000001
end_of_initialization        cinit        007C60
intlevel0                    text         000000
intlevel1                    text         000000
intlevel2                    text         000000
intlevel3                    text         000000
lcd_write_address@x          cstackCOMRAM 000004
lcd_write_address@y          cstackCOMRAM 000003
lcd_write_char@buf           cstackCOMRAM 00000A
lcd_write_char@x             cstackCOMRAM 00000B
lcd_write_char@y             cstackCOMRAM 000009
lcd_write_com@combuf         cstackCOMRAM 000001
lcd_write_com_busy@combuf    cstackCOMRAM 000002
lcd_write_data@databuf       cstackCOMRAM 000001
stackhi                      (abs)        0007FF
stacklo                      (abs)        000060
start                        init         000000
start_initialization         cinit        007C5A


FUNCTION INFORMATION:

 *************** function _main *****************
 Defined at:
		line 90 in file "newfile.c"
 Parameters:    Size  Location     Type
		None
 Auto vars:     Size  Location     Type
		None
 Return value:  Size  Location     Type
		None               void
 Registers used:
		wreg, status,2, status,0, cstack
 Tracked objects:
		On entry : 
		On exit  : 
		Unchanged: 
 Data sizes:     COMRAM   BANK0   BANK1   BANK2   BANK3   BANK4   BANK5   BANK6   BANK7
      Params:         0       0       0       0       0       0       0       0       0
      Locals:         0       0       0       0       0       0       0       0       0
      Temps:          0       0       0       0       0       0       0       0       0
      Totals:         0       0       0       0       0       0       0       0       0
Total ram usage:        0 bytes
 Hardware stack levels required when called:    4
 This function calls:
		___awdiv
		___awmod
		_delay
		_lcd_write_char
		_lcdreset
 This function is called by:
		Startup code after reset
 This function uses a non-reentrant model


 *************** function _lcdreset *****************
 Defined at:
		line 69 in file "newfile.c"
 Parameters:    Size  Location     Type
		None
 Auto vars:     Size  Location     Type
		None
 Return value:  Size  Location     Type
		None               void
 Registers used:
		wreg, status,2, status,0, cstack
 Tracked objects:
		On entry : 
		On exit  : 
		Unchanged: 
 Data sizes:     COMRAM   BANK0   BANK1   BANK2   BANK3   BANK4   BANK5   BANK6   BANK7
      Params:         0       0       0       0       0       0       0       0       0
      Locals:         0       0       0       0       0       0       0       0       0
      Temps:          0       0       0       0       0       0       0       0       0
      Totals:         0       0       0       0       0       0       0       0       0
Total ram usage:        0 bytes
 Hardware stack levels used:    1
 Hardware stack levels required when called:    2
 This function calls:
		_delay
		_lcd_write_com
		_lcd_write_com_busy
 This function is called by:
		_main
 This function uses a non-reentrant model


 *************** function _delay *****************
 Defined at:
		line 12 in file "newfile.c"
 Parameters:    Size  Location     Type
  t               2    0[COMRAM] unsigned int 
 Auto vars:     Size  Location     Type
  j               2    4[COMRAM] unsigned int 
  i               2    2[COMRAM] unsigned int 
 Return value:  Size  Location     Type
		None               void
 Registers used:
		wreg, status,2, status,0
 Tracked objects:
		On entry : 
		On exit  : 
		Unchanged: 
 Data sizes:     COMRAM   BANK0   BANK1   BANK2   BANK3   BANK4   BANK5   BANK6   BANK7
      Params:         2       0       0       0       0       0       0       0       0
      Locals:         4       0       0       0       0       0       0       0       0
      Temps:          0       0       0       0       0       0       0       0       0
      Totals:         6       0       0       0       0       0       0       0       0
Total ram usage:        6 bytes
 Hardware stack levels used:    1
 This function calls:
		Nothing
 This function is called by:
		_lcdreset
		_main
 This function uses a non-reentrant model


 *************** function _lcd_write_char *****************
 Defined at:
		line 84 in file "newfile.c"
 Parameters:    Size  Location     Type
  x               1    wreg     unsigned char 
  y               1    8[COMRAM] unsigned char 
  buf             1    9[COMRAM] unsigned char 
 Auto vars:     Size  Location     Type
  x               1   10[COMRAM] unsigned char 
 Return value:  Size  Location     Type
		None               void
 Registers used:
		wreg, status,2, status,0, cstack
 Tracked objects:
		On entry : 
		On exit  : 
		Unchanged: 
 Data sizes:     COMRAM   BANK0   BANK1   BANK2   BANK3   BANK4   BANK5   BANK6   BANK7
      Params:         2       0       0       0       0       0       0       0       0
      Locals:         1       0       0       0       0       0       0       0       0
      Temps:          0       0       0       0       0       0       0       0       0
      Totals:         3       0       0       0       0       0       0       0       0
Total ram usage:        3 bytes
 Hardware stack levels used:    1
 Hardware stack levels required when called:    3
 This function calls:
		_lcd_write_address
		_lcd_write_data
 This function is called by:
		_main
 This function uses a non-reentrant model


 *************** function _lcd_write_data *****************
 Defined at:
		line 48 in file "newfile.c"
 Parameters:    Size  Location     Type
  databuf         1    wreg     unsigned char 
 Auto vars:     Size  Location     Type
  databuf         1    0[COMRAM] unsigned char 
 Return value:  Size  Location     Type
		None               void
 Registers used:
		wreg, cstack
 Tracked objects:
		On entry : 
		On exit  : 
		Unchanged: 
 Data sizes:     COMRAM   BANK0   BANK1   BANK2   BANK3   BANK4   BANK5   BANK6   BANK7
      Params:         0       0       0       0       0       0       0       0       0
      Locals:         1       0       0       0       0       0       0       0       0
      Temps:          0       0       0       0       0       0       0       0       0
      Totals:         1       0       0       0       0       0       0       0       0
Total ram usage:        1 bytes
 Hardware stack levels used:    1
 Hardware stack levels required when called:    1
 This function calls:
		_lcd_wait_busy
 This function is called by:
		_lcd_write_char
 This function uses a non-reentrant model


 *************** function _lcd_write_address *****************
 Defined at:
		line 59 in file "newfile.c"
 Parameters:    Size  Location     Type
  x               1    wreg     unsigned char 
  y               1    2[COMRAM] unsigned char 
 Auto vars:     Size  Location     Type
  x               1    3[COMRAM] unsigned char 
 Return value:  Size  Location     Type
		None               void
 Registers used:
		wreg, status,2, status,0, cstack
 Tracked objects:
		On entry : 
		On exit  : 
		Unchanged: 
 Data sizes:     COMRAM   BANK0   BANK1   BANK2   BANK3   BANK4   BANK5   BANK6   BANK7
      Params:         1       0       0       0       0       0       0       0       0
      Locals:         1       0       0       0       0       0       0       0       0
      Temps:          0       0       0       0       0       0       0       0       0
      Totals:         2       0       0       0       0       0       0       0       0
Total ram usage:        2 bytes
 Hardware stack levels used:    1
 Hardware stack levels required when called:    2
 This function calls:
		_lcd_write_com_busy
 This function is called by:
		_lcd_write_char
 This function uses a non-reentrant model


 *************** function _lcd_write_com_busy *****************
 Defined at:
		line 42 in file "newfile.c"
 Parameters:    Size  Location     Type
  combuf          1    wreg     unsigned char 
 Auto vars:     Size  Location     Type
  combuf          1    1[COMRAM] unsigned char 
 Return value:  Size  Location     Type
		None               void
 Registers used:
		wreg, status,2, cstack
 Tracked objects:
		On entry : 
		On exit  : 
		Unchanged: 
 Data sizes:     COMRAM   BANK0   BANK1   BANK2   BANK3   BANK4   BANK5   BANK6   BANK7
      Params:         0       0       0       0       0       0       0       0       0
      Locals:         1       0       0       0       0       0       0       0       0
      Temps:          0       0       0       0       0       0       0       0       0
      Totals:         1       0       0       0       0       0       0       0       0
Total ram usage:        1 bytes
 Hardware stack levels used:    1
 Hardware stack levels required when called:    1
 This function calls:
		_lcd_wait_busy
		_lcd_write_com
 This function is called by:
		_lcd_write_address
		_lcdreset
 This function uses a non-reentrant model


 *************** function _lcd_write_com *****************
 Defined at:
		line 32 in file "newfile.c"
 Parameters:    Size  Location     Type
  combuf          1    wreg     unsigned char 
 Auto vars:     Size  Location     Type
  combuf          1    0[COMRAM] unsigned char 
 Return value:  Size  Location     Type
		None               void
 Registers used:
		wreg
 Tracked objects:
		On entry : 
		On exit  : 
		Unchanged: 
 Data sizes:     COMRAM   BANK0   BANK1   BANK2   BANK3   BANK4   BANK5   BANK6   BANK7
      Params:         0       0       0       0       0       0       0       0       0
      Locals:         1       0       0       0       0       0       0       0       0
      Temps:          0       0       0       0       0       0       0       0       0
      Totals:         1       0       0       0       0       0       0       0       0
Total ram usage:        1 bytes
 Hardware stack levels used:    1
 This function calls:
		Nothing
 This function is called by:
		_lcd_write_com_busy
		_lcdreset
 This function uses a non-reentrant model


 *************** function _lcd_wait_busy *****************
 Defined at:
		line 21 in file "newfile.c"
 Parameters:    Size  Location     Type
		None
 Auto vars:     Size  Location     Type
		None
 Return value:  Size  Location     Type
		None               void
 Registers used:
		None
 Tracked objects:
		On entry : 
		On exit  : 
		Unchanged: 
 Data sizes:     COMRAM   BANK0   BANK1   BANK2   BANK3   BANK4   BANK5   BANK6   BANK7
      Params:         0       0       0       0       0       0       0       0       0
      Locals:         0       0       0       0       0       0       0       0       0
      Temps:          0       0       0       0       0       0       0       0       0
      Totals:         0       0       0       0       0       0       0       0       0
Total ram usage:        0 bytes
 Hardware stack levels used:    1
 This function calls:
		Nothing
 This function is called by:
		_lcd_write_com_busy
		_lcd_write_data
 This function uses a non-reentrant model


 *************** function ___awmod *****************
 Defined at:
		line 8 in file "C:\Program Files (x86)\Microchip\xc8\v1.35\sources\common\awmod.c"
 Parameters:    Size  Location     Type
  dividend        2    0[COMRAM] int 
  divisor         2    2[COMRAM] int 
 Auto vars:     Size  Location     Type
  sign            1    5[COMRAM] unsigned char 
  counter         1    4[COMRAM] unsigned char 
 Return value:  Size  Location     Type
                  2    0[COMRAM] int 
 Registers used:
		wreg, status,2, status,0
 Tracked objects:
		On entry : 
		On exit  : 
		Unchanged: 
 Data sizes:     COMRAM   BANK0   BANK1   BANK2   BANK3   BANK4   BANK5   BANK6   BANK7
      Params:         4       0       0       0       0       0       0       0       0
      Locals:         2       0       0       0       0       0       0       0       0
      Temps:          0       0       0       0       0       0       0       0       0
      Totals:         6       0       0       0       0       0       0       0       0
Total ram usage:        6 bytes
 Hardware stack levels used:    1
 This function calls:
		Nothing
 This function is called by:
		_main
 This function uses a non-reentrant model


 *************** function ___awdiv *****************
 Defined at:
		line 8 in file "C:\Program Files (x86)\Microchip\xc8\v1.35\sources\common\awdiv.c"
 Parameters:    Size  Location     Type
  dividend        2    0[COMRAM] int 
  divisor         2    2[COMRAM] int 
 Auto vars:     Size  Location     Type
  quotient        2    6[COMRAM] int 
  sign            1    5[COMRAM] unsigned char 
  counter         1    4[COMRAM] unsigned char 
 Return value:  Size  Location     Type
                  2    0[COMRAM] int 
 Registers used:
		wreg, status,2, status,0
 Tracked objects:
		On entry : 
		On exit  : 
		Unchanged: 
 Data sizes:     COMRAM   BANK0   BANK1   BANK2   BANK3   BANK4   BANK5   BANK6   BANK7
      Params:         4       0       0       0       0       0       0       0       0
      Locals:         4       0       0       0       0       0       0       0       0
      Temps:          0       0       0       0       0       0       0       0       0
      Totals:         8       0       0       0       0       0       0       0       0
Total ram usage:        8 bytes
 Hardware stack levels used:    1
 This function calls:
		Nothing
 This function is called by:
		_main
 This function uses a non-reentrant model



MODULE INFORMATION

Module		Function		Class		Link	Load	Size
C:\Program Files (x86)\Microchip\xc8\v1.35\sources\common\awdiv.c
		___awdiv       		CODE           	7DE6	0000	133

C:\Program Files (x86)\Microchip\xc8\v1.35\sources\common\awdiv.c estimated size: 133

newfile.c
		_lcd_write_data		CODE           	7CAC	0000	23
		_lcd_write_char		CODE           	7C98	0000	21
		_lcd_wait_busy 		CODE           	7C74	0000	19
		_delay         		CODE           	7CE8	0000	57
		_lcd_write_address		CODE           	7CC2	0000	39
		_main          		CODE           	7E6A	0000	407
		_lcd_write_com_busy		CODE           	7C66	0000	15
		_lcdreset      		CODE           	7D20	0000	87
		_lcd_write_com 		CODE           	7C86	0000	19

newfile.c estimated size: 687

shared
		__initialization		CODE           	7C5A	0000	7

shared estimated size: 7

C:\Program Files (x86)\Microchip\xc8\v1.35\sources\common\awmod.c
		___awmod       		CODE           	7D76	0000	113

C:\Program Files (x86)\Microchip\xc8\v1.35\sources\common\awmod.c estimated size: 113

