Microchip MPLAB XC8 Compiler V1.35 ()

Linker command line:

--edf=C:\Program Files (x86)\Microchip\xc8\v1.35\dat\en_msgs.txt -cs \
  -h+dist/default/production\lcd.X.production.sym \
  --cmf=dist/default/production\lcd.X.production.cmf -z -Q18F4450 \
  -oC:\Users\KUOYAO~1\AppData\Local\Temp\s6lc.2 \
  -Mdist/default/production/lcd.X.production.map -E1 -ver=XC8 \
  -ASTACK=060h-01ffh -pstack=STACK -ACODE=00h-03FFFh -ACONST=00h-03FFFh \
  -ASMALLCONST=0500h-05FFhx59 -AMEDIUMCONST=0500h-03FFFh -ACOMRAM=01h-05Fh \
  -AABS1=00h-01FFh,0400h-04FFh -ABIGRAM=01h-01FFh,0400h-04FFh \
  -ARAM=060h-0FFh,0100h-01FFh,0400h-04FFh -ABANK0=060h-0FFh \
  -ABANK1=0100h-01FFh -ABANK4=0400h-04FFh -ASFR=0F60h-0FFFh \
  -preset_vec=00h,intcode,intcodelo,powerup,init,end_init -pramtop=0500h \
  -psmallconst=SMALLCONST -pmediumconst=MEDIUMCONST -pconst=CONST \
  -AFARRAM=00h-00h -ACONFIG=0300000h-030000Dh -pconfig=CONFIG \
  -AIDLOC=0200000h-0200007h -pidloc=IDLOC \
  -prdata=COMRAM,nvrram=COMRAM,nvbit=COMRAM,rbss=COMRAM,rbit=COMRAM \
  -pfarbss=FARRAM,fardata=FARRAM,nvFARRAM=FARRAM \
  -pintsave_regs=BIGRAM,bigbss=BIGRAM,bigdata=BIGRAM -pbss=RAM \
  -pidata=CODE,irdata=CODE,ibigdata=CODE,ifardata=CODE -prparam=COMRAM \
  C:\Users\KUOYAO~1\AppData\Local\Temp\s6lc.obj \
  dist/default/production\lcd.X.production.obj 

Object code version is 3.11

Machine type is 18F4450

Call graph: (short form)




                Name                               Link     Load   Length Selector   Space Scale
C:\Users\KUOYAO~1\AppData\Local\Temp\s6lc.obj
                end_init                              0        0        4        0       0
                idloc                            200000   200000        8   200000       0
                config                           300000   300000        E   300000       0
dist/default/production\lcd.X.production.obj
                text8                              3D2A     3D2A       12     1E95       0
                text7                              3D3C     3D3C       12     1E9E       0
                text6                              3D1C     3D1C        E     1E8E       0
                text5                              3D78     3D78       26     1EBC       0
                text4                              3D62     3D62       16     1EB1       0
                text3                              3D4E     3D4E       14     1EA7       0
                text2                              3D9E     3D9E       36     1ECF       0
                text1                              3DD4     3DD4       56     1EEA       0
                text0                              3E2A     3E2A      1D6     1F15       0
                cstackCOMRAM                          1        1        7        1       1
                cinit                              3D16     3D16        6     1E8B       0

TOTAL           Name                               Link     Load   Length     Space
        CLASS   STACK          

        CLASS   CODE           
                end_init                              0        0        4         0
                text8                              3D2A     3D2A       12         0
                text7                              3D3C     3D3C       12         0
                text6                              3D1C     3D1C        E         0
                text5                              3D78     3D78       26         0
                text4                              3D62     3D62       16         0
                text3                              3D4E     3D4E       14         0
                text2                              3D9E     3D9E       36         0
                text1                              3DD4     3DD4       56         0
                text0                              3E2A     3E2A      1D6         0
                cinit                              3D16     3D16        6         0

        CLASS   CONST          

        CLASS   SMALLCONST     

        CLASS   MEDIUMCONST    

        CLASS   COMRAM         
                cstackCOMRAM                          1        1        7         1

        CLASS   ABS1           

        CLASS   BIGRAM         

        CLASS   RAM            

        CLASS   BANK0          

        CLASS   BANK1          

        CLASS   BANK4          

        CLASS   SFR            

        CLASS   FARRAM         

        CLASS   CONFIG         
                config                           300000   300000        E         0

        CLASS   IDLOC          
                idloc                            200000   200000        8         0



SEGMENTS        Name                           Load    Length   Top    Selector   Space  Class

                reset_vec                      000000  000004  000004         0       0  CODE    
                cstackCOMRAM                   000001  000007  000008         1       1  COMRAM  
                cinit                          003D16  000006  003D1C      1E8B       0  CODE    
                text6                          003D1C  00000E  003D2A      1E8E       0  CODE    
                text8                          003D2A  000012  003D3C      1E95       0  CODE    
                text7                          003D3C  000012  003D4E      1E9E       0  CODE    
                text3                          003D4E  000014  003D62      1EA7       0  CODE    
                text4                          003D62  000016  003D78      1EB1       0  CODE    
                text5                          003D78  000026  003D9E      1EBC       0  CODE    
                text2                          003D9E  000036  003DD4      1ECF       0  CODE    
                text1                          003DD4  000056  003E2A      1EEA       0  CODE    
                text0                          003E2A  0001D6  004000      1F15       0  CODE    
                idloc                          200000  000008  200008    200000       0  IDLOC   
                config                         300000  00000E  30000E    300000       0  CONFIG  


UNUSED ADDRESS RANGES

        Name                Unused          Largest block    Delta
        BANK0            000060-0000FF               A0
        BANK1            000100-0001FF              100
        BANK4            000400-0004FF              100
        BIGRAM           000008-0001FF              1F8
                         000400-0004FF              100
        CODE             000004-003D15             3D12
        COMRAM           000008-00005F               58
        CONST            000004-003D15             3D12
        MEDIUMCONST      000500-003D15             3816
        RAM              000060-0001FF               A0
                         000400-0004FF              100
        SFR              000F60-000FFF               A0
        SMALLCONST       000500-003D15              100
        STACK            000060-0001FF              1A0

                                  Symbol Table

_ADCON1                      (abs)        000FC1
_OSCCON                      (abs)        000FD3
_PORTD                       (abs)        000F83
_RB3                         (abs)        007C0B
_RB4                         (abs)        007C0C
_RB5                         (abs)        007C0D
_RD7                         (abs)        007C1F
_TRISB                       (abs)        000F93
_TRISD                       (abs)        000F95
_TRISD7                      (abs)        007CAF
__CFG_BOR$ON_ACTIVE          (abs)        000000
__CFG_BORV$43                (abs)        000000
__CFG_FOSC$HS                (abs)        000000
__CFG_LVP$OFF                (abs)        000000
__CFG_MCLRE$ON               (abs)        000000
__CFG_PBADEN$OFF             (abs)        000000
__CFG_WDT$OFF                (abs)        000000
__CFG_XINST$OFF              (abs)        000000
__HRAM                       (abs)        000000
__Habs1                      abs1         000000
__Hbank0                     bank0        000000
__Hbank1                     bank1        000000
__Hbank4                     bank4        000000
__Hbigbss                    bigbss       000000
__Hbigdata                   bigdata      000000
__Hbigram                    bigram       000000
__Hbss                       bss          000000
__Hcinit                     cinit        000000
__Hclrtext                   clrtext      000000
__Hcomram                    comram       000000
__Hconfig                    config       30000E
__Hconst                     const        000000
__HcstackCOMRAM              cstackCOMRAM 000000
__Hdata                      data         000000
__Hend_init                  end_init     000004
__Hfarbss                    farbss       000000
__Hfardata                   fardata      000000
__Hibigdata                  ibigdata     000000
__Hidata                     idata        000000
__Hidloc                     idloc        200008
__Hifardata                  ifardata     000000
__Hinit                      init         000000
__Hintcode                   intcode      000000
__Hintcode_body              intcode_body 000000
__Hintcodelo                 intcodelo    000000
__Hintentry                  intentry     000000
__Hintret                    intret       000000
__Hintsave_regs              intsave_regs 000000
__Hirdata                    irdata       000000
__Hmediumconst               mediumconst  000000
__HnvFARRAM                  nvFARRAM     000000
__Hnvbit                     nvbit        000000
__Hnvrram                    nvrram       000000
__Hparam                     rparam       000000
__Hpowerup                   powerup      000000
__Hram                       ram          000000
__Hramtop                    ramtop       000500
__Hrbit                      rbit         000000
__Hrbss                      rbss         000000
__Hrdata                     rdata        000000
__Hreset_vec                 reset_vec    000000
__Hrparam                    rparam       000000
__Hsfr                       sfr          000000
__Hsmallconst                smallconst   000000
__Hspace_0                   (abs)        30000E
__Hspace_1                   (abs)        000008
__Hspace_2                   (abs)        000000
__Hstack                     stack        000000
__Hstruct                    struct       000000
__Htemp                      temp         000000
__Htext                      text         000000
__Htext0                     text0        000000
__Htext1                     text1        000000
__Htext2                     text2        000000
__Htext3                     text3        000000
__Htext4                     text4        000000
__Htext5                     text5        000000
__Htext6                     text6        000000
__Htext7                     text7        000000
__Htext8                     text8        000000
__LRAM                       (abs)        000001
__Labs1                      abs1         000000
__Lbank0                     bank0        000000
__Lbank1                     bank1        000000
__Lbank4                     bank4        000000
__Lbigbss                    bigbss       000000
__Lbigdata                   bigdata      000000
__Lbigram                    bigram       000000
__Lbss                       bss          000000
__Lcinit                     cinit        000000
__Lclrtext                   clrtext      000000
__Lcomram                    comram       000000
__Lconfig                    config       300000
__Lconst                     const        000000
__LcstackCOMRAM              cstackCOMRAM 000000
__Ldata                      data         000000
__Lend_init                  end_init     000000
__Lfarbss                    farbss       000000
__Lfardata                   fardata      000000
__Libigdata                  ibigdata     000000
__Lidata                     idata        000000
__Lidloc                     idloc        200000
__Lifardata                  ifardata     000000
__Linit                      init         000000
__Lintcode                   intcode      000000
__Lintcode_body              intcode_body 000000
__Lintcodelo                 intcodelo    000000
__Lintentry                  intentry     000000
__Lintret                    intret       000000
__Lintsave_regs              intsave_regs 000000
__Lirdata                    irdata       000000
__Lmediumconst               mediumconst  000000
__LnvFARRAM                  nvFARRAM     000000
__Lnvbit                     nvbit        000000
__Lnvrram                    nvrram       000000
__Lparam                     rparam       000000
__Lpowerup                   powerup      000000
__Lram                       ram          000000
__Lramtop                    ramtop       000500
__Lrbit                      rbit         000000
__Lrbss                      rbss         000000
__Lrdata                     rdata        000000
__Lreset_vec                 reset_vec    000000
__Lrparam                    rparam       000000
__Lsfr                       sfr          000000
__Lsmallconst                smallconst   000000
__Lspace_0                   (abs)        000000
__Lspace_1                   (abs)        000000
__Lspace_2                   (abs)        000000
__Lstack                     stack        000000
__Lstruct                    struct       000000
__Ltemp                      temp         000000
__Ltext                      text         000000
__Ltext0                     text0        000000
__Ltext1                     text1        000000
__Ltext2                     text2        000000
__Ltext3                     text3        000000
__Ltext4                     text4        000000
__Ltext5                     text5        000000
__Ltext6                     text6        000000
__Ltext7                     text7        000000
__Ltext8                     text8        000000
__S0                         (abs)        30000E
__S1                         (abs)        000008
__S2                         (abs)        000000
___inthi_sp                  stack        000000
___intlo_sp                  stack        000000
___param_bank                (abs)        000010
___rparam_used               (abs)        000001
___sp                        stack        000000
__accesstop                  (abs)        000060
__activetblptr               (abs)        000000
__end_of__initialization     cinit        003D16
__end_of_delay               text2        003DD4
__end_of_lcd_wait_busy       text8        003D3C
__end_of_lcd_write_address   text5        003D9E
__end_of_lcd_write_char      text3        003D62
__end_of_lcd_write_com       text7        003D4E
__end_of_lcd_write_com_busy  text6        003D2A
__end_of_lcd_write_data      text4        003D78
__end_of_lcdreset            text1        003E2A
__end_of_main                text0        004000
__initialization             cinit        003D16
__mediumconst                mediumconst  000000
__pcinit                     cinit        003D16
__pcstackCOMRAM              cstackCOMRAM 000001
__ptext0                     text0        003E2A
__ptext1                     text1        003DD4
__ptext2                     text2        003D9E
__ptext3                     text3        003D4E
__ptext4                     text4        003D62
__ptext5                     text5        003D78
__ptext6                     text6        003D1C
__ptext7                     text7        003D3C
__ptext8                     text8        003D2A
__ramtop                     ramtop       000500
__size_of_delay              (abs)        000000
__size_of_lcd_wait_busy      (abs)        000000
__size_of_lcd_write_address  (abs)        000000
__size_of_lcd_write_char     (abs)        000000
__size_of_lcd_write_com      (abs)        000000
__size_of_lcd_write_com_busy (abs)        000000
__size_of_lcd_write_data     (abs)        000000
__size_of_lcdreset           (abs)        000000
__size_of_main               (abs)        000000
__smallconst                 smallconst   000000
_delay                       text2        003D9E
_lcd_wait_busy               text8        003D2A
_lcd_write_address           text5        003D78
_lcd_write_char              text3        003D4E
_lcd_write_com               text7        003D3C
_lcd_write_com_busy          text6        003D1C
_lcd_write_data              text4        003D62
_lcdreset                    text1        003DD4
_main                        text0        003E2A
delay@i                      cstackCOMRAM 000003
delay@j                      cstackCOMRAM 000005
delay@t                      cstackCOMRAM 000001
end_of_initialization        cinit        003D16
intlevel0                    text         000000
intlevel1                    text         000000
intlevel2                    text         000000
intlevel3                    text         000000
lcd_write_address@x          cstackCOMRAM 000004
lcd_write_address@y          cstackCOMRAM 000003
lcd_write_char@buf           cstackCOMRAM 000006
lcd_write_char@x             cstackCOMRAM 000007
lcd_write_char@y             cstackCOMRAM 000005
lcd_write_com@combuf         cstackCOMRAM 000001
lcd_write_com_busy@combuf    cstackCOMRAM 000002
lcd_write_data@databuf       cstackCOMRAM 000001
stackhi                      (abs)        0001FF
stacklo                      (abs)        000060
start                        init         000000
start_initialization         cinit        003D16


FUNCTION INFORMATION:

 *************** function _main *****************
 Defined at:
		line 145 in file "newmain.c"
 Parameters:    Size  Location     Type
		None
 Auto vars:     Size  Location     Type
		None
 Return value:  Size  Location     Type
		None               void
 Registers used:
		wreg, status,2, status,0, cstack
 Tracked objects:
		On entry : 
		On exit  : 
		Unchanged: 
 Data sizes:     COMRAM   BANK0   BANK1   BANK4
      Params:         0       0       0       0
      Locals:         0       0       0       0
      Temps:          0       0       0       0
      Totals:         0       0       0       0
Total ram usage:        0 bytes
 Hardware stack levels required when called:    4
 This function calls:
		_lcd_write_char
		_lcdreset
 This function is called by:
		Startup code after reset
 This function uses a non-reentrant model


 *************** function _lcdreset *****************
 Defined at:
		line 111 in file "newmain.c"
 Parameters:    Size  Location     Type
		None
 Auto vars:     Size  Location     Type
		None
 Return value:  Size  Location     Type
		None               void
 Registers used:
		wreg, status,2, status,0, cstack
 Tracked objects:
		On entry : 
		On exit  : 
		Unchanged: 
 Data sizes:     COMRAM   BANK0   BANK1   BANK4
      Params:         0       0       0       0
      Locals:         0       0       0       0
      Temps:          0       0       0       0
      Totals:         0       0       0       0
Total ram usage:        0 bytes
 Hardware stack levels used:    1
 Hardware stack levels required when called:    2
 This function calls:
		_delay
		_lcd_write_com
		_lcd_write_com_busy
 This function is called by:
		_main
 This function uses a non-reentrant model


 *************** function _delay *****************
 Defined at:
		line 17 in file "newmain.c"
 Parameters:    Size  Location     Type
  t               2    0[COMRAM] unsigned int 
 Auto vars:     Size  Location     Type
  j               2    4[COMRAM] unsigned int 
  i               2    2[COMRAM] unsigned int 
 Return value:  Size  Location     Type
		None               void
 Registers used:
		wreg, status,2, status,0
 Tracked objects:
		On entry : 
		On exit  : 
		Unchanged: 
 Data sizes:     COMRAM   BANK0   BANK1   BANK4
      Params:         2       0       0       0
      Locals:         4       0       0       0
      Temps:          0       0       0       0
      Totals:         6       0       0       0
Total ram usage:        6 bytes
 Hardware stack levels used:    1
 This function calls:
		Nothing
 This function is called by:
		_lcdreset
 This function uses a non-reentrant model


 *************** function _lcd_write_char *****************
 Defined at:
		line 132 in file "newmain.c"
 Parameters:    Size  Location     Type
  x               1    wreg     unsigned char 
  y               1    4[COMRAM] unsigned char 
  buf             1    5[COMRAM] unsigned char 
 Auto vars:     Size  Location     Type
  x               1    6[COMRAM] unsigned char 
 Return value:  Size  Location     Type
		None               void
 Registers used:
		wreg, status,2, status,0, cstack
 Tracked objects:
		On entry : 
		On exit  : 
		Unchanged: 
 Data sizes:     COMRAM   BANK0   BANK1   BANK4
      Params:         2       0       0       0
      Locals:         1       0       0       0
      Temps:          0       0       0       0
      Totals:         3       0       0       0
Total ram usage:        3 bytes
 Hardware stack levels used:    1
 Hardware stack levels required when called:    3
 This function calls:
		_lcd_write_address
		_lcd_write_data
 This function is called by:
		_main
 This function uses a non-reentrant model


 *************** function _lcd_write_data *****************
 Defined at:
		line 78 in file "newmain.c"
 Parameters:    Size  Location     Type
  databuf         1    wreg     unsigned char 
 Auto vars:     Size  Location     Type
  databuf         1    0[COMRAM] unsigned char 
 Return value:  Size  Location     Type
		None               void
 Registers used:
		wreg, cstack
 Tracked objects:
		On entry : 
		On exit  : 
		Unchanged: 
 Data sizes:     COMRAM   BANK0   BANK1   BANK4
      Params:         0       0       0       0
      Locals:         1       0       0       0
      Temps:          0       0       0       0
      Totals:         1       0       0       0
Total ram usage:        1 bytes
 Hardware stack levels used:    1
 Hardware stack levels required when called:    1
 This function calls:
		_lcd_wait_busy
 This function is called by:
		_lcd_write_char
 This function uses a non-reentrant model


 *************** function _lcd_write_address *****************
 Defined at:
		line 95 in file "newmain.c"
 Parameters:    Size  Location     Type
  x               1    wreg     unsigned char 
  y               1    2[COMRAM] unsigned char 
 Auto vars:     Size  Location     Type
  x               1    3[COMRAM] unsigned char 
 Return value:  Size  Location     Type
		None               void
 Registers used:
		wreg, status,2, status,0, cstack
 Tracked objects:
		On entry : 
		On exit  : 
		Unchanged: 
 Data sizes:     COMRAM   BANK0   BANK1   BANK4
      Params:         1       0       0       0
      Locals:         1       0       0       0
      Temps:          0       0       0       0
      Totals:         2       0       0       0
Total ram usage:        2 bytes
 Hardware stack levels used:    1
 Hardware stack levels required when called:    2
 This function calls:
		_lcd_write_com_busy
 This function is called by:
		_lcd_write_char
 This function uses a non-reentrant model


 *************** function _lcd_write_com_busy *****************
 Defined at:
		line 66 in file "newmain.c"
 Parameters:    Size  Location     Type
  combuf          1    wreg     unsigned char 
 Auto vars:     Size  Location     Type
  combuf          1    1[COMRAM] unsigned char 
 Return value:  Size  Location     Type
		None               void
 Registers used:
		wreg, status,2, cstack
 Tracked objects:
		On entry : 
		On exit  : 
		Unchanged: 
 Data sizes:     COMRAM   BANK0   BANK1   BANK4
      Params:         0       0       0       0
      Locals:         1       0       0       0
      Temps:          0       0       0       0
      Totals:         1       0       0       0
Total ram usage:        1 bytes
 Hardware stack levels used:    1
 Hardware stack levels required when called:    1
 This function calls:
		_lcd_wait_busy
		_lcd_write_com
 This function is called by:
		_lcd_write_address
		_lcdreset
 This function uses a non-reentrant model


 *************** function _lcd_write_com *****************
 Defined at:
		line 50 in file "newmain.c"
 Parameters:    Size  Location     Type
  combuf          1    wreg     unsigned char 
 Auto vars:     Size  Location     Type
  combuf          1    0[COMRAM] unsigned char 
 Return value:  Size  Location     Type
		None               void
 Registers used:
		wreg
 Tracked objects:
		On entry : 
		On exit  : 
		Unchanged: 
 Data sizes:     COMRAM   BANK0   BANK1   BANK4
      Params:         0       0       0       0
      Locals:         1       0       0       0
      Temps:          0       0       0       0
      Totals:         1       0       0       0
Total ram usage:        1 bytes
 Hardware stack levels used:    1
 This function calls:
		Nothing
 This function is called by:
		_lcd_write_com_busy
		_lcdreset
 This function uses a non-reentrant model


 *************** function _lcd_wait_busy *****************
 Defined at:
		line 33 in file "newmain.c"
 Parameters:    Size  Location     Type
		None
 Auto vars:     Size  Location     Type
		None
 Return value:  Size  Location     Type
		None               void
 Registers used:
		None
 Tracked objects:
		On entry : 
		On exit  : 
		Unchanged: 
 Data sizes:     COMRAM   BANK0   BANK1   BANK4
      Params:         0       0       0       0
      Locals:         0       0       0       0
      Temps:          0       0       0       0
      Totals:         0       0       0       0
Total ram usage:        0 bytes
 Hardware stack levels used:    1
 This function calls:
		Nothing
 This function is called by:
		_lcd_write_com_busy
		_lcd_write_data
 This function uses a non-reentrant model



MODULE INFORMATION

Module		Function		Class		Link	Load	Size
newmain.c
		_lcd_write_data		CODE           	3D62	0000	23
		_lcd_write_char		CODE           	3D4E	0000	21
		_lcd_wait_busy 		CODE           	3D2A	0000	19
		_delay         		CODE           	3D9E	0000	55
		_lcd_write_address		CODE           	3D78	0000	39
		_main          		CODE           	3E2A	0000	471
		_lcd_write_com_busy		CODE           	3D1C	0000	15
		_lcdreset      		CODE           	3DD4	0000	87
		_lcd_write_com 		CODE           	3D3C	0000	19

newmain.c estimated size: 749

shared
		__initialization		CODE           	3D16	0000	1

shared estimated size: 1

