Microchip MPLAB XC8 Compiler V1.35 ()

Linker command line:

--edf=C:\Program Files (x86)\Microchip\xc8\v1.35\dat\en_msgs.txt -cs \
  -h+dist/default/production\lcd_colck_kuo_down.X.production.sym \
  --cmf=dist/default/production\lcd_colck_kuo_down.X.production.cmf -z \
  -Q18F4550 -oC:\Users\KUOYAO~1\AppData\Local\Temp\s178.2 \
  -Mdist/default/production/lcd_colck_kuo_down.X.production.map -E1 \
  -ver=XC8 -ASTACK=060h-07ffh -pstack=STACK -ACODE=00h-07FFFh \
  -ACONST=00h-07FFFh -ASMALLCONST=0800h-08FFhx120 \
  -AMEDIUMCONST=0800h-07FFFh -ACOMRAM=01h-05Fh -AABS1=00h-07FFh \
  -ABIGRAM=01h-07FFh -ARAM=060h-0FFh,0100h-01FFhx7 -ABANK0=060h-0FFh \
  -ABANK1=0100h-01FFh -ABANK2=0200h-02FFh -ABANK3=0300h-03FFh \
  -ABANK4=0400h-04FFh -ABANK5=0500h-05FFh -ABANK6=0600h-06FFh \
  -ABANK7=0700h-07FFh -ASFR=0F60h-0FFFh \
  -preset_vec=00h,intcode=08h,intcodelo,powerup,init,end_init \
  -pramtop=0800h -psmallconst=SMALLCONST -pmediumconst=MEDIUMCONST \
  -pconst=CONST -AFARRAM=00h-00h -ACONFIG=0300000h-030000Dh -pconfig=CONFIG \
  -AIDLOC=0200000h-0200007h -pidloc=IDLOC -AEEDATA=0F00000h-0F000FFh \
  -peeprom_data=EEDATA \
  -prdata=COMRAM,nvrram=COMRAM,nvbit=COMRAM,rbss=COMRAM,rbit=COMRAM \
  -pfarbss=FARRAM,fardata=FARRAM,nvFARRAM=FARRAM \
  -pintsave_regs=BIGRAM,bigbss=BIGRAM,bigdata=BIGRAM -pbss=RAM \
  -pidata=CODE,irdata=CODE,ibigdata=CODE,ifardata=CODE -prparam=COMRAM \
  C:\Users\KUOYAO~1\AppData\Local\Temp\s178.obj \
  dist/default/production\lcd_colck_kuo_down.X.production.obj 

Object code version is 3.11

Machine type is 18F4550

Call graph: (short form)




                Name                               Link     Load   Length Selector   Space Scale
C:\Users\KUOYAO~1\AppData\Local\Temp\s178.obj
                end_init                             16       16        4        4       0
                reset_vec                             0        0        4        0       0
                idloc                            200000   200000        8   200000       0
                config                           300000   300000        E   300000       0
dist/default/production\lcd_colck_kuo_down.X.production.obj
                intcode                               8        8        E        4       0
                temp                                 49       49        1        1       1
                smallconst                          800      800        E      400       0
                intcode_body                        B4A      B4A       84      407       0
                text13                              CD6      CD6       40      407       0
                text12                              BCE      BCE       74      407       0
                text11                              D7A      D7A       26      407       0
                text10                              950      950      112      407       0
                text9                               E0A      E0A       1E      407       0
                text8                               DC4      DC4       24      407       0
                text7                               DE8      DE8       22      407       0
                text6                               C42      C42       52      407       0
                text5                               C94      C94       42      407       0
                text4                               A62      A62       E8      407       0
                text3                               D50      D50       2A      407       0
                text2                               DA0      DA0       24      407       0
                text1                               E28      E28       12      407       0
                text0                               80E      80E      142      407       0
                cstackCOMRAM                         24       24       1E        1       1
                dataCOMRAM                           42       42        7        1       1
                bssCOMRAM                             1        1       23        1       1
                cinit                               D16      D16       3A      407       0
                idataCOMRAM                         E3A      E3A        7      407       0

TOTAL           Name                               Link     Load   Length     Space
        CLASS   STACK          

        CLASS   CODE           
                end_init                             16       16        4         0
                intcode                               8        8        E         0
                reset_vec                             0        0        4         0
                intcode_body                        B4A      B4A       84         0
                text13                              CD6      CD6       40         0
                text12                              BCE      BCE       74         0
                text11                              D7A      D7A       26         0
                text10                              950      950      112         0
                text9                               E0A      E0A       1E         0
                text8                               DC4      DC4       24         0
                text7                               DE8      DE8       22         0
                text6                               C42      C42       52         0
                text5                               C94      C94       42         0
                text4                               A62      A62       E8         0
                text3                               D50      D50       2A         0
                text2                               DA0      DA0       24         0
                text1                               E28      E28       12         0
                text0                               80E      80E      142         0
                cinit                               D16      D16       3A         0
                idataCOMRAM                         E3A      E3A        7         0

        CLASS   CONST          

        CLASS   SMALLCONST     
                smallconst                          800      800        E         0

        CLASS   MEDIUMCONST    

        CLASS   COMRAM         
                temp                                 49       49        1         1
                cstackCOMRAM                         24       24       1E         1
                dataCOMRAM                           42       42        7         1
                bssCOMRAM                             1        1       23         1

        CLASS   ABS1           

        CLASS   BIGRAM         

        CLASS   RAM            

        CLASS   BANK0          

        CLASS   BANK1          

        CLASS   BANK2          

        CLASS   BANK3          

        CLASS   BANK4          

        CLASS   BANK5          

        CLASS   BANK6          

        CLASS   BANK7          

        CLASS   SFR            

        CLASS   FARRAM         

        CLASS   CONFIG         
                config                           300000   300000        E         0

        CLASS   IDLOC          
                idloc                            200000   200000        8         0

        CLASS   EEDATA         



SEGMENTS        Name                           Load    Length   Top    Selector   Space  Class

                reset_vec                      000000  000004  000004         0       0  CODE    
                bssCOMRAM                      000001  000049  00004A         1       1  COMRAM  
                intcode                        000008  000012  00001A         4       0  CODE    
                smallconst                     000800  00000E  00080E       400       0  SMALLCON
                text0                          00080E  000633  000E41       407       0  CODE    
                idloc                          200000  000008  200008    200000       0  IDLOC   
                config                         300000  00000E  30000E    300000       0  CONFIG  


UNUSED ADDRESS RANGES

        Name                Unused          Largest block    Delta
        BANK0            000060-0000FF               A0
        BANK1            000100-0001FF              100
        BANK2            000200-0002FF              100
        BANK3            000300-0003FF              100
        BANK4            000400-0004FF              100
        BANK5            000500-0005FF              100
        BANK6            000600-0006FF              100
        BANK7            000700-0007FF              100
        BIGRAM           00004A-0007FF              7B6
        CODE             000004-000007                4
                         00001A-0007FF              7E6
                         000E41-007FFF             71BF
        COMRAM           00004A-00005F               16
        CONST            000004-000007                4
                         00001A-0007FF              7E6
                         000E41-007FFF             71BF
        EEDATA           F00000-F000FF              100
        MEDIUMCONST      000E41-007FFF             71BF
        RAM              000060-0007FF              100
        SFR              000F60-000FFF               A0
        SMALLCONST       000E41-007FFF              100
        STACK            000060-0007FF              7A0

                                  Symbol Table

?___lwdiv                           cstackCOMRAM 000037
?___lwmod                           cstackCOMRAM 000032
IntLCM_Communication@NibbleByte     cstackCOMRAM 000038
IntLCM_Communication@Temporary      cstackCOMRAM 000039
IntLCM_WriteData@Data               cstackCOMRAM 00003A
IntLCM_WriteInstruction@Instruction cstackCOMRAM 00003A
LCM_BCD_Regulate@BCD                cstackCOMRAM 000032
LCM_Delay@Count                     cstackCOMRAM 000032
LCM_Delay@i                         cstackCOMRAM 000036
LCM_IsBusy@i                        cstackCOMRAM 000032
LCM_PutNumber@Digit                 cstackCOMRAM 000040
LCM_PutNumber@Number                cstackCOMRAM 00003E
LCM_PutNumber@Temporary             cstackCOMRAM 000041
LCM_PutROMString@String             cstackCOMRAM 00003B
LCM_SetCursor@X                     cstackCOMRAM 00003C
LCM_SetCursor@Y                     cstackCOMRAM 00003B
_ADCON1bits                         (abs)        000FC1
_Disable_Zero                       dataCOMRAM   000048
_Duty                               bssCOMRAM    000021
_HighISR                            intcode      000008
_INTCONbits                         (abs)        000FF2
_IntLCM_Communication               text12       000BCE
_IntLCM_WriteData                   text8        000DC4
_IntLCM_WriteInstruction            text2        000DA0
_LATCbits                           (abs)        000F8B
_LATD                               (abs)        000F8C
_LCM_BCD_Regulate                   text7        000DE8
_LCM_Delay                          text13       000CD6
_LCM_IOSetup                        text11       000D7A
_LCM_Init                           text10       000950
_LCM_IsBusy                         text9        000E0A
_LCM_PutNumber                      text4        000A62
_LCM_PutROMString                   text3        000D50
_LCM_SetCursor                      text1        000E28
_MyName                             smallconst   000801
_RB0                                (abs)        007C08
_RB1                                (abs)        007C09
_RB2                                (abs)        007C0A
_RB3                                (abs)        007C0B
_RB4                                (abs)        007C0C
_RB5                                (abs)        007C0D
_RD4                                (abs)        007C1C
_RD5                                (abs)        007C1D
_RD6                                (abs)        007C1E
_RD7                                (abs)        007C1F
_String1                            smallconst   00080A
_StringBuffer                       bssCOMRAM    000001
_T0CONbits                          (abs)        000FD5
_TMR0H                              (abs)        000FD7
_TMR0IE                             (abs)        007F95
_TMR0IF                             (abs)        007F92
_TMR0L                              (abs)        000FD6
_TRISBbits                          (abs)        000F93
_TRISCbits                          (abs)        000F94
_TRISD                              (abs)        000F95
_TRISDbits                          (abs)        000F95
_Timer0Flag                         bssCOMRAM    000023
__CFG_BOR$ON_ACTIVE                 (abs)        000000
__CFG_BORV$1                        (abs)        000000
__CFG_FOSC$HS                       (abs)        000000
__CFG_LVP$OFF                       (abs)        000000
__CFG_MCLRE$ON                      (abs)        000000
__CFG_PBADEN$OFF                    (abs)        000000
__CFG_WDT$OFF                       (abs)        000000
__CFG_XINST$OFF                     (abs)        000000
__HRAM                              (abs)        000000
__Habs1                             abs1         000000
__Hbank0                            bank0        000000
__Hbank1                            bank1        000000
__Hbank2                            bank2        000000
__Hbank3                            bank3        000000
__Hbank4                            bank4        000000
__Hbank5                            bank5        000000
__Hbank6                            bank6        000000
__Hbank7                            bank7        000000
__Hbigbss                           bigbss       000000
__Hbigdata                          bigdata      000000
__Hbigram                           bigram       000000
__Hbss                              bss          000000
__HbssCOMRAM                        bssCOMRAM    000000
__Hcinit                            cinit        000000
__Hclrtext                          clrtext      000000
__Hcomram                           comram       000000
__Hconfig                           config       30000E
__Hconst                            const        000000
__HcstackCOMRAM                     cstackCOMRAM 000000
__Hdata                             data         000000
__HdataCOMRAM                       dataCOMRAM   000000
__Heeprom_data                      eeprom_data  000000
__Hend_init                         end_init     00001A
__Hfarbss                           farbss       000000
__Hfardata                          fardata      000000
__Hibigdata                         ibigdata     000000
__Hidata                            idata        000000
__HidataCOMRAM                      idataCOMRAM  000000
__Hidloc                            idloc        200008
__Hifardata                         ifardata     000000
__Hinit                             init         000016
__Hintcode                          intcode      000016
__Hintcode_body                     intcode_body 000000
__Hintcodelo                        intcodelo    000016
__Hintentry                         intentry     000000
__Hintret                           intret       000000
__Hintsave_regs                     intsave_regs 000000
__Hirdata                           irdata       000000
__Hmediumconst                      mediumconst  000000
__HnvFARRAM                         nvFARRAM     000000
__Hnvbit                            nvbit        000000
__Hnvrram                           nvrram       000000
__Hparam                            rparam       000000
__Hpowerup                          powerup      000016
__Hram                              ram          000000
__Hramtop                           ramtop       000800
__Hrbit                             rbit         000000
__Hrbss                             rbss         000000
__Hrdata                            rdata        000000
__Hreset_vec                        reset_vec    000004
__Hrparam                           rparam       000000
__Hsfr                              sfr          000000
__Hsmallconst                       smallconst   00080E
__Hspace_0                          (abs)        30000E
__Hspace_1                          (abs)        00004A
__Hspace_2                          (abs)        000000
__Hstack                            stack        000000
__Hstruct                           struct       000000
__Htemp                             temp         00004A
__Htext                             text         000000
__Htext0                            text0        000000
__Htext1                            text1        000000
__Htext10                           text10       000000
__Htext11                           text11       000000
__Htext12                           text12       000000
__Htext13                           text13       000000
__Htext2                            text2        000000
__Htext3                            text3        000000
__Htext4                            text4        000000
__Htext5                            text5        000000
__Htext6                            text6        000000
__Htext7                            text7        000000
__Htext8                            text8        000000
__Htext9                            text9        000000
__LRAM                              (abs)        000001
__Labs1                             abs1         000000
__Lbank0                            bank0        000000
__Lbank1                            bank1        000000
__Lbank2                            bank2        000000
__Lbank3                            bank3        000000
__Lbank4                            bank4        000000
__Lbank5                            bank5        000000
__Lbank6                            bank6        000000
__Lbank7                            bank7        000000
__Lbigbss                           bigbss       000000
__Lbigdata                          bigdata      000000
__Lbigram                           bigram       000000
__Lbss                              bss          000000
__LbssCOMRAM                        bssCOMRAM    000000
__Lcinit                            cinit        000000
__Lclrtext                          clrtext      000000
__Lcomram                           comram       000000
__Lconfig                           config       300000
__Lconst                            const        000000
__LcstackCOMRAM                     cstackCOMRAM 000000
__Ldata                             data         000000
__LdataCOMRAM                       dataCOMRAM   000000
__Leeprom_data                      eeprom_data  000000
__Lend_init                         end_init     000016
__Lfarbss                           farbss       000000
__Lfardata                          fardata      000000
__Libigdata                         ibigdata     000000
__Lidata                            idata        000000
__LidataCOMRAM                      idataCOMRAM  000000
__Lidloc                            idloc        200000
__Lifardata                         ifardata     000000
__Linit                             init         000016
__Lintcode                          intcode      000008
__Lintcode_body                     intcode_body 000000
__Lintcodelo                        intcodelo    000016
__Lintentry                         intentry     000000
__Lintret                           intret       000000
__Lintsave_regs                     intsave_regs 000000
__Lirdata                           irdata       000000
__Lmediumconst                      mediumconst  000000
__LnvFARRAM                         nvFARRAM     000000
__Lnvbit                            nvbit        000000
__Lnvrram                           nvrram       000000
__Lparam                            rparam       000000
__Lpowerup                          powerup      000016
__Lram                              ram          000000
__Lramtop                           ramtop       000800
__Lrbit                             rbit         000000
__Lrbss                             rbss         000000
__Lrdata                            rdata        000000
__Lreset_vec                        reset_vec    000000
__Lrparam                           rparam       000000
__Lsfr                              sfr          000000
__Lsmallconst                       smallconst   000800
__Lspace_0                          (abs)        000000
__Lspace_1                          (abs)        000000
__Lspace_2                          (abs)        000000
__Lstack                            stack        000000
__Lstruct                           struct       000000
__Ltemp                             temp         000049
__Ltext                             text         000000
__Ltext0                            text0        000000
__Ltext1                            text1        000000
__Ltext10                           text10       000000
__Ltext11                           text11       000000
__Ltext12                           text12       000000
__Ltext13                           text13       000000
__Ltext2                            text2        000000
__Ltext3                            text3        000000
__Ltext4                            text4        000000
__Ltext5                            text5        000000
__Ltext6                            text6        000000
__Ltext7                            text7        000000
__Ltext8                            text8        000000
__Ltext9                            text9        000000
__S0                                (abs)        30000E
__S1                                (abs)        00004A
__S2                                (abs)        000000
___inthi_sp                         stack        000000
___intlo_sp                         stack        000000
___lwdiv                            text6        000C42
___lwdiv@counter                    cstackCOMRAM 00003D
___lwdiv@dividend                   cstackCOMRAM 000037
___lwdiv@divisor                    cstackCOMRAM 000039
___lwdiv@quotient                   cstackCOMRAM 00003B
___lwmod                            text5        000C94
___lwmod@counter                    cstackCOMRAM 000036
___lwmod@dividend                   cstackCOMRAM 000032
___lwmod@divisor                    cstackCOMRAM 000034
___param_bank                       (abs)        000010
___rparam_used                      (abs)        000001
___sp                               stack        000000
__accesstop                         (abs)        000060
__activetblptr                      (abs)        000002
__end_of_HighISR                    intcode_body 000BCE
__end_of_IntLCM_Communication       text12       000C42
__end_of_IntLCM_WriteData           text8        000DE8
__end_of_IntLCM_WriteInstruction    text2        000DC4
__end_of_LCM_BCD_Regulate           text7        000E0A
__end_of_LCM_Delay                  text13       000D16
__end_of_LCM_IOSetup                text11       000DA0
__end_of_LCM_Init                   text10       000A62
__end_of_LCM_IsBusy                 text9        000E28
__end_of_LCM_PutNumber              text4        000B4A
__end_of_LCM_PutROMString           text3        000D7A
__end_of_LCM_SetCursor              text1        000E3A
__end_of_MyName                     smallconst   00080A
__end_of_String1                    smallconst   00080C
__end_of___lwdiv                    text6        000C94
__end_of___lwmod                    text5        000CD6
__end_of__initialization            cinit        000D42
__end_of_main                       text0        000950
__initialization                    cinit        000D16
__mediumconst                       mediumconst  000000
__pbssCOMRAM                        bssCOMRAM    000001
__pcinit                            cinit        000D16
__pcstackCOMRAM                     cstackCOMRAM 000024
__pdataCOMRAM                       dataCOMRAM   000042
__pidataCOMRAM                      idataCOMRAM  000E3A
__pintcode                          intcode      000008
__pintcode_body                     intcode_body 000B4A
__psmallconst                       smallconst   000800
__ptext0                            text0        00080E
__ptext1                            text1        000E28
__ptext10                           text10       000950
__ptext11                           text11       000D7A
__ptext12                           text12       000BCE
__ptext13                           text13       000CD6
__ptext2                            text2        000DA0
__ptext3                            text3        000D50
__ptext4                            text4        000A62
__ptext5                            text5        000C94
__ptext6                            text6        000C42
__ptext7                            text7        000DE8
__ptext8                            text8        000DC4
__ptext9                            text9        000E0A
__ramtop                            ramtop       000800
__size_of_HighISR                   (abs)        000000
__size_of_IntLCM_Communication      (abs)        000000
__size_of_IntLCM_WriteData          (abs)        000000
__size_of_IntLCM_WriteInstruction   (abs)        000000
__size_of_LCM_BCD_Regulate          (abs)        000000
__size_of_LCM_Delay                 (abs)        000000
__size_of_LCM_IOSetup               (abs)        000000
__size_of_LCM_Init                  (abs)        000000
__size_of_LCM_IsBusy                (abs)        000000
__size_of_LCM_PutNumber             (abs)        000000
__size_of_LCM_PutROMString          (abs)        000000
__size_of_LCM_SetCursor             (abs)        000000
__size_of___lwdiv                   (abs)        000000
__size_of___lwmod                   (abs)        000000
__size_of_main                      (abs)        000000
__smallconst                        smallconst   000800
_h                                  dataCOMRAM   000042
_m                                  dataCOMRAM   000044
_main                               text0        00080E
_s                                  dataCOMRAM   000046
btemp                               temp         000049
end_of_initialization               cinit        000D42
int$flags                           temp         000049
int_func                            intcode_body 000B4A
intlevel0                           text         000000
intlevel1                           text         000000
intlevel2                           text         000000
intlevel3                           text         000000
stackhi                             (abs)        0007FF
stacklo                             (abs)        000060
start                               init         000016
start_initialization                cinit        000D16


FUNCTION INFORMATION:

 *************** function _main *****************
 Defined at:
		line 36 in file "Lab9 PWM Output By VR Value.c"
 Parameters:    Size  Location     Type
		None
 Auto vars:     Size  Location     Type
		None
 Return value:  Size  Location     Type
		None               void
 Registers used:
		wreg, status,2, status,0, tblptrl, tblptrh, tblptru, prodl, prodh, cstack
 Tracked objects:
		On entry : 
		On exit  : 
		Unchanged: 
 Data sizes:     COMRAM   BANK0   BANK1   BANK2   BANK3   BANK4   BANK5   BANK6   BANK7
      Params:         0       0       0       0       0       0       0       0       0
      Locals:         0       0       0       0       0       0       0       0       0
      Temps:          0       0       0       0       0       0       0       0       0
      Totals:         0       0       0       0       0       0       0       0       0
Total ram usage:        0 bytes
 Hardware stack levels required when called:    5
 This function calls:
		_LCM_Init
		_LCM_PutNumber
		_LCM_PutROMString
		_LCM_SetCursor
 This function is called by:
		Startup code after reset
 This function uses a non-reentrant model


 *************** function _LCM_SetCursor *****************
 Defined at:
		line 190 in file "APP001_LCM.c"
 Parameters:    Size  Location     Type
  X               1    wreg     unsigned char 
  Y               1   23[COMRAM] unsigned char 
 Auto vars:     Size  Location     Type
  X               1   24[COMRAM] unsigned char 
 Return value:  Size  Location     Type
		None               void
 Registers used:
		wreg, status,2, status,0, prodl, prodh, cstack
 Tracked objects:
		On entry : 
		On exit  : 
		Unchanged: 
 Data sizes:     COMRAM   BANK0   BANK1   BANK2   BANK3   BANK4   BANK5   BANK6   BANK7
      Params:         1       0       0       0       0       0       0       0       0
      Locals:         1       0       0       0       0       0       0       0       0
      Temps:          0       0       0       0       0       0       0       0       0
      Totals:         2       0       0       0       0       0       0       0       0
Total ram usage:        2 bytes
 Hardware stack levels used:    1
 Hardware stack levels required when called:    4
 This function calls:
		_IntLCM_WriteInstruction
 This function is called by:
		_main
 This function uses a non-reentrant model


 *************** function _IntLCM_WriteInstruction *****************
 Defined at:
		line 140 in file "APP001_LCM.c"
 Parameters:    Size  Location     Type
  Instruction     1    wreg     unsigned char 
 Auto vars:     Size  Location     Type
  Instruction     1   22[COMRAM] unsigned char 
 Return value:  Size  Location     Type
		None               void
 Registers used:
		wreg, status,2, status,0, cstack
 Tracked objects:
		On entry : 
		On exit  : 
		Unchanged: 
 Data sizes:     COMRAM   BANK0   BANK1   BANK2   BANK3   BANK4   BANK5   BANK6   BANK7
      Params:         0       0       0       0       0       0       0       0       0
      Locals:         1       0       0       0       0       0       0       0       0
      Temps:          0       0       0       0       0       0       0       0       0
      Totals:         1       0       0       0       0       0       0       0       0
Total ram usage:        1 bytes
 Hardware stack levels used:    1
 Hardware stack levels required when called:    3
 This function calls:
		_IntLCM_Communication
		_LCM_IsBusy
 This function is called by:
		_LCM_SetCursor
 This function uses a non-reentrant model


 *************** function _LCM_PutROMString *****************
 Defined at:
		line 220 in file "APP001_LCM.c"
 Parameters:    Size  Location     Type
  String          2   23[COMRAM] PTR const unsigned char 
		 -> String1(2), MyName(9), 
 Auto vars:     Size  Location     Type
		None
 Return value:  Size  Location     Type
		None               void
 Registers used:
		wreg, status,2, status,0, tblptrl, tblptrh, tblptru, cstack
 Tracked objects:
		On entry : 
		On exit  : 
		Unchanged: 
 Data sizes:     COMRAM   BANK0   BANK1   BANK2   BANK3   BANK4   BANK5   BANK6   BANK7
      Params:         2       0       0       0       0       0       0       0       0
      Locals:         0       0       0       0       0       0       0       0       0
      Temps:          0       0       0       0       0       0       0       0       0
      Totals:         2       0       0       0       0       0       0       0       0
Total ram usage:        2 bytes
 Hardware stack levels used:    1
 Hardware stack levels required when called:    4
 This function calls:
		_IntLCM_WriteData
 This function is called by:
		_main
 This function uses a non-reentrant model


 *************** function _LCM_PutNumber *****************
 Defined at:
		line 251 in file "APP001_LCM.c"
 Parameters:    Size  Location     Type
  Number          2   26[COMRAM] unsigned int 
  Digit           1   28[COMRAM] unsigned char 
 Auto vars:     Size  Location     Type
  Temporary       1   29[COMRAM] unsigned char 
 Return value:  Size  Location     Type
		None               void
 Registers used:
		wreg, status,2, status,0, cstack
 Tracked objects:
		On entry : 
		On exit  : 
		Unchanged: 
 Data sizes:     COMRAM   BANK0   BANK1   BANK2   BANK3   BANK4   BANK5   BANK6   BANK7
      Params:         3       0       0       0       0       0       0       0       0
      Locals:         1       0       0       0       0       0       0       0       0
      Temps:          0       0       0       0       0       0       0       0       0
      Totals:         4       0       0       0       0       0       0       0       0
Total ram usage:        4 bytes
 Hardware stack levels used:    1
 Hardware stack levels required when called:    4
 This function calls:
		_IntLCM_WriteData
		_LCM_BCD_Regulate
		___lwdiv
		___lwmod
 This function is called by:
		_main
 This function uses a non-reentrant model


 *************** function ___lwmod *****************
 Defined at:
		line 8 in file "C:\Program Files (x86)\Microchip\xc8\v1.35\sources\common\lwmod.c"
 Parameters:    Size  Location     Type
  dividend        2   14[COMRAM] unsigned int 
  divisor         2   16[COMRAM] unsigned int 
 Auto vars:     Size  Location     Type
  counter         1   18[COMRAM] unsigned char 
 Return value:  Size  Location     Type
                  2   14[COMRAM] unsigned int 
 Registers used:
		wreg, status,2, status,0
 Tracked objects:
		On entry : 
		On exit  : 
		Unchanged: 
 Data sizes:     COMRAM   BANK0   BANK1   BANK2   BANK3   BANK4   BANK5   BANK6   BANK7
      Params:         4       0       0       0       0       0       0       0       0
      Locals:         1       0       0       0       0       0       0       0       0
      Temps:          0       0       0       0       0       0       0       0       0
      Totals:         5       0       0       0       0       0       0       0       0
Total ram usage:        5 bytes
 Hardware stack levels used:    1
 Hardware stack levels required when called:    1
 This function calls:
		Nothing
 This function is called by:
		_LCM_PutNumber
 This function uses a non-reentrant model


 *************** function ___lwdiv *****************
 Defined at:
		line 8 in file "C:\Program Files (x86)\Microchip\xc8\v1.35\sources\common\lwdiv.c"
 Parameters:    Size  Location     Type
  dividend        2   19[COMRAM] unsigned int 
  divisor         2   21[COMRAM] unsigned int 
 Auto vars:     Size  Location     Type
  quotient        2   23[COMRAM] unsigned int 
  counter         1   25[COMRAM] unsigned char 
 Return value:  Size  Location     Type
                  2   19[COMRAM] unsigned int 
 Registers used:
		wreg, status,2, status,0
 Tracked objects:
		On entry : 
		On exit  : 
		Unchanged: 
 Data sizes:     COMRAM   BANK0   BANK1   BANK2   BANK3   BANK4   BANK5   BANK6   BANK7
      Params:         4       0       0       0       0       0       0       0       0
      Locals:         3       0       0       0       0       0       0       0       0
      Temps:          0       0       0       0       0       0       0       0       0
      Totals:         7       0       0       0       0       0       0       0       0
Total ram usage:        7 bytes
 Hardware stack levels used:    1
 Hardware stack levels required when called:    1
 This function calls:
		Nothing
 This function is called by:
		_LCM_PutNumber
 This function uses a non-reentrant model


 *************** function _LCM_BCD_Regulate *****************
 Defined at:
		line 234 in file "APP001_LCM.c"
 Parameters:    Size  Location     Type
  BCD             1    wreg     unsigned char 
 Auto vars:     Size  Location     Type
  BCD             1   14[COMRAM] unsigned char 
 Return value:  Size  Location     Type
                  1    wreg      unsigned char 
 Registers used:
		wreg, status,2, status,0
 Tracked objects:
		On entry : 
		On exit  : 
		Unchanged: 
 Data sizes:     COMRAM   BANK0   BANK1   BANK2   BANK3   BANK4   BANK5   BANK6   BANK7
      Params:         0       0       0       0       0       0       0       0       0
      Locals:         1       0       0       0       0       0       0       0       0
      Temps:          0       0       0       0       0       0       0       0       0
      Totals:         1       0       0       0       0       0       0       0       0
Total ram usage:        1 bytes
 Hardware stack levels used:    1
 Hardware stack levels required when called:    1
 This function calls:
		Nothing
 This function is called by:
		_LCM_PutNumber
 This function uses a non-reentrant model


 *************** function _IntLCM_WriteData *****************
 Defined at:
		line 130 in file "APP001_LCM.c"
 Parameters:    Size  Location     Type
  Data            1    wreg     unsigned char 
 Auto vars:     Size  Location     Type
  Data            1   22[COMRAM] unsigned char 
 Return value:  Size  Location     Type
		None               void
 Registers used:
		wreg, status,2, status,0, cstack
 Tracked objects:
		On entry : 
		On exit  : 
		Unchanged: 
 Data sizes:     COMRAM   BANK0   BANK1   BANK2   BANK3   BANK4   BANK5   BANK6   BANK7
      Params:         0       0       0       0       0       0       0       0       0
      Locals:         1       0       0       0       0       0       0       0       0
      Temps:          0       0       0       0       0       0       0       0       0
      Totals:         1       0       0       0       0       0       0       0       0
Total ram usage:        1 bytes
 Hardware stack levels used:    1
 Hardware stack levels required when called:    3
 This function calls:
		_IntLCM_Communication
		_LCM_IsBusy
 This function is called by:
		_LCM_PutROMString
		_LCM_PutNumber
		_LCM_PutASCII
		_LCM_PutHex
		_LCM_PutRAMString
 This function uses a non-reentrant model


 *************** function _LCM_IsBusy *****************
 Defined at:
		line 107 in file "APP001_LCM.c"
 Parameters:    Size  Location     Type
		None
 Auto vars:     Size  Location     Type
  i               2   14[COMRAM] unsigned int 
 Return value:  Size  Location     Type
                  1    wreg      unsigned char 
 Registers used:
		wreg, status,2, status,0
 Tracked objects:
		On entry : 
		On exit  : 
		Unchanged: 
 Data sizes:     COMRAM   BANK0   BANK1   BANK2   BANK3   BANK4   BANK5   BANK6   BANK7
      Params:         0       0       0       0       0       0       0       0       0
      Locals:         2       0       0       0       0       0       0       0       0
      Temps:          0       0       0       0       0       0       0       0       0
      Totals:         2       0       0       0       0       0       0       0       0
Total ram usage:        2 bytes
 Hardware stack levels used:    1
 Hardware stack levels required when called:    1
 This function calls:
		Nothing
 This function is called by:
		_IntLCM_WriteData
		_IntLCM_WriteInstruction
 This function uses a non-reentrant model


 *************** function _LCM_Init *****************
 Defined at:
		line 150 in file "APP001_LCM.c"
 Parameters:    Size  Location     Type
		None
 Auto vars:     Size  Location     Type
		None
 Return value:  Size  Location     Type
		None               void
 Registers used:
		wreg, status,2, status,0, cstack
 Tracked objects:
		On entry : 
		On exit  : 
		Unchanged: 
 Data sizes:     COMRAM   BANK0   BANK1   BANK2   BANK3   BANK4   BANK5   BANK6   BANK7
      Params:         0       0       0       0       0       0       0       0       0
      Locals:         0       0       0       0       0       0       0       0       0
      Temps:          0       0       0       0       0       0       0       0       0
      Totals:         0       0       0       0       0       0       0       0       0
Total ram usage:        0 bytes
 Hardware stack levels used:    1
 Hardware stack levels required when called:    3
 This function calls:
		_IntLCM_Communication
		_LCM_Delay
		_LCM_IOSetup
 This function is called by:
		_main
 This function uses a non-reentrant model


 *************** function _LCM_IOSetup *****************
 Defined at:
		line 38 in file "APP001_LCM.c"
 Parameters:    Size  Location     Type
		None
 Auto vars:     Size  Location     Type
		None
 Return value:  Size  Location     Type
		None               void
 Registers used:
		wreg, status,2
 Tracked objects:
		On entry : 
		On exit  : 
		Unchanged: 
 Data sizes:     COMRAM   BANK0   BANK1   BANK2   BANK3   BANK4   BANK5   BANK6   BANK7
      Params:         0       0       0       0       0       0       0       0       0
      Locals:         0       0       0       0       0       0       0       0       0
      Temps:          0       0       0       0       0       0       0       0       0
      Totals:         0       0       0       0       0       0       0       0       0
Total ram usage:        0 bytes
 Hardware stack levels used:    1
 Hardware stack levels required when called:    1
 This function calls:
		Nothing
 This function is called by:
		_LCM_Init
 This function uses a non-reentrant model


 *************** function _IntLCM_Communication *****************
 Defined at:
		line 72 in file "APP001_LCM.c"
 Parameters:    Size  Location     Type
  NibbleByte      1    wreg     unsigned char 
 Auto vars:     Size  Location     Type
  NibbleByte      1   20[COMRAM] unsigned char 
  Temporary       1   21[COMRAM] unsigned char 
 Return value:  Size  Location     Type
		None               void
 Registers used:
		wreg, status,2, status,0, cstack
 Tracked objects:
		On entry : 
		On exit  : 
		Unchanged: 
 Data sizes:     COMRAM   BANK0   BANK1   BANK2   BANK3   BANK4   BANK5   BANK6   BANK7
      Params:         0       0       0       0       0       0       0       0       0
      Locals:         2       0       0       0       0       0       0       0       0
      Temps:          0       0       0       0       0       0       0       0       0
      Totals:         2       0       0       0       0       0       0       0       0
Total ram usage:        2 bytes
 Hardware stack levels used:    1
 Hardware stack levels required when called:    2
 This function calls:
		_LCM_Delay
 This function is called by:
		_IntLCM_WriteData
		_IntLCM_WriteInstruction
		_LCM_Init
 This function uses a non-reentrant model


 *************** function _LCM_Delay *****************
 Defined at:
		line 61 in file "APP001_LCM.c"
 Parameters:    Size  Location     Type
  Count           4   14[COMRAM] unsigned long 
 Auto vars:     Size  Location     Type
  i               2   18[COMRAM] unsigned int 
 Return value:  Size  Location     Type
		None               void
 Registers used:
		wreg, status,2, status,0
 Tracked objects:
		On entry : 
		On exit  : 
		Unchanged: 
 Data sizes:     COMRAM   BANK0   BANK1   BANK2   BANK3   BANK4   BANK5   BANK6   BANK7
      Params:         4       0       0       0       0       0       0       0       0
      Locals:         2       0       0       0       0       0       0       0       0
      Temps:          0       0       0       0       0       0       0       0       0
      Totals:         6       0       0       0       0       0       0       0       0
Total ram usage:        6 bytes
 Hardware stack levels used:    1
 Hardware stack levels required when called:    1
 This function calls:
		Nothing
 This function is called by:
		_IntLCM_Communication
		_LCM_Init
 This function uses a non-reentrant model


 *************** function _HighISR *****************
 Defined at:
		line 105 in file "Lab9 PWM Output By VR Value.c"
 Parameters:    Size  Location     Type
		None
 Auto vars:     Size  Location     Type
		None
 Return value:  Size  Location     Type
		None               void
 Registers used:
		wreg, status,2
 Tracked objects:
		On entry : 
		On exit  : 
		Unchanged: 
 Data sizes:     COMRAM   BANK0   BANK1   BANK2   BANK3   BANK4   BANK5   BANK6   BANK7
      Params:         0       0       0       0       0       0       0       0       0
      Locals:         0       0       0       0       0       0       0       0       0
      Temps:         14       0       0       0       0       0       0       0       0
      Totals:        14       0       0       0       0       0       0       0       0
Total ram usage:       14 bytes
 Hardware stack levels used:    1
 This function calls:
		Nothing
 This function is called by:
		Interrupt level 2
 This function uses a non-reentrant model



MODULE INFORMATION

Module		Function		Class		Link	Load	Size
APP001_LCM.c
		_LCM_BCD_Regulate		CODE           	0DE8	0000	35
		_IntLCM_WriteData		CODE           	0DC4	0000	37
		_IntLCM_WriteInstruction		CODE           	0DA0	0000	37
		_LCM_IsBusy    		CODE           	0E0A	0000	31
		_LCM_Init      		CODE           	0950	0000	275
		_LCM_Delay     		CODE           	0CD6	0000	65
		_LCM_IOSetup   		CODE           	0D7A	0000	39
		_LCM_PutROMString		CODE           	0D50	0000	43
		_LCM_PutNumber 		CODE           	0A62	0000	233
		_LCM_SetCursor 		CODE           	0E28	0000	19
		_IntLCM_Communication		CODE           	0BCE	0000	117

APP001_LCM.c estimated size: 931

C:\Program Files (x86)\Microchip\xc8\v1.35\sources\common\lwmod.c
		___lwmod       		CODE           	0C94	0000	67

C:\Program Files (x86)\Microchip\xc8\v1.35\sources\common\lwmod.c estimated size: 67

shared
		_String1       		SMALLCONST     	080A	0000	3
		__initialization		CODE           	0D16	0000	45
		_MyName        		SMALLCONST     	0801	0000	10

shared estimated size: 58

Lab9 PWM Output By VR Value.c
		_main          		CODE           	080E	0000	323
		_HighISR       		CODE           	0008	0000	147

Lab9 PWM Output By VR Value.c estimated size: 470

C:\Program Files (x86)\Microchip\xc8\v1.35\sources\common\lwdiv.c
		___lwdiv       		CODE           	0C42	0000	83

C:\Program Files (x86)\Microchip\xc8\v1.35\sources\common\lwdiv.c estimated size: 83

